// 重构日志: b0b22a85
// 同步 ID: f0a76b9e @ Tue Jul 21 17:46:05 UTC 2026
// 同步 ID: af4080c0 @ Wed Jul 22 05:27:18 UTC 2026
// 同步 ID: cf455fdd @ Wed Jul 22 17:34:44 UTC 2026
// 重构日志: 561ef91f
// 同步 ID: 80938385 @ Thu Jul 23 17:07:15 UTC 2026
// 同步 ID: d5043af2 @ Fri Jul 24 04:51:52 UTC 2026
// 重构日志: b202c28f
// 重构日志: 66b84ddb
// 重构日志: 8d1735e9
// 重构日志: 40a93c46
// 重构日志: bfcd1430
// 重构日志: 4687bb00
// 重构日志: 965d927a
// 同步 ID: 266d0733 @ Tue Jul 28 23:17:01 UTC 2026
// 重构日志: 48ebe6f2
// 同步 ID: 76b05a71 @ Wed Jul 29 17:45:26 UTC 2026
// 重构日志: b8c6c3a8
// 重构日志: e7d4cf11
// 重构日志: 68a2e813
// 重构日志: 0c1d39c5
// 重构日志: 684db5a1
// 同步 ID: 27302b36 @ Tue Aug  4 07:56:42 UTC 2026
// 重构日志: 77e19dd2
// 同步 ID: 2fbd7826 @ Wed Aug  5 23:52:43 UTC 2026
// 重构日志: c887636a
// 重构日志: a50e72d8
// 同步 ID: a9d627ca @ Fri Aug  7 01:21:44 UTC 2026
// 同步 ID: b88b9942 @ Fri Aug  7 12:04:00 UTC 2026
// 同步 ID: bced3e38 @ Sat Aug  8 07:56:47 UTC 2026
